[2026-09-21T16:13:30.323Z][INFO] Command-line: 'C:\\Program Files\\Unity\\Hub\\Editor\\6000.5.5f1\\Editor\\Data\\Resources\\PackageManager\\Server\\UnityPackageManager.exe' server -s 26204 --ipc-path Unity-Upm-26204 -l 2 --log-file C:\\Users\\20231170150006\\Documents\\GitHub\\pong\\cliente/Logs/upm.log
[2026-09-21T16:13:30.349Z][INFO] IPC server started (IPC path=Unity-Upm-26204).
[2026-09-21T16:13:30.349Z][INFO] Hint: To connect to this UPM instance, launch Unity with the command-line parameter -upmIpcPath Upm-26204.
[2026-09-21T16:13:32.082Z][INFO] project:list-packages <-- Request received
params: {}
[2026-09-21T16:13:32.099Z][INFO] project:list-packages <-- Request received
params: {}
[2026-09-21T16:13:32.267Z][INFO] project:list-packages --> 200 (185 ms)
[2026-09-21T16:13:34.894Z][INFO] project:list-packages --> 200 (2795 ms)
[2026-09-21T16:13:35.043Z][INFO] config:project:get-registries <-- Request received
params: {}
[2026-09-21T16:13:35.046Z][INFO] config:project:get-registries --> 200 (3 ms)
[2026-09-21T16:13:35.057Z][INFO] project:list-packages <-- Request received
params: {}
[2026-09-21T16:13:35.150Z][INFO] project:resolve-packages <-- Request received
params: {}
[2026-09-21T16:13:35.196Z][INFO] project:list-packages --> 200 (139 ms)
[2026-09-21T16:13:56.107Z][WARN] Requested version [17.6.0] for package [com.unity.render-pipelines.universal] overridden by built-in package version [17.5.0].
[2026-09-21T16:13:56.107Z][WARN] Requested version [4.9.3] for package [com.unity.searcher] overridden by minimum version [4.9.4].
[2026-09-21T16:13:56.107Z][WARN] Requested version [1.8.14] for package [com.unity.burst] overridden by minimum version [1.8.29].
[2026-09-21T16:13:56.107Z][WARN] Requested version [3.2.0] for package [com.unity.test-framework.performance] overridden by minimum version [3.5.0].
[2026-09-21T16:13:56.107Z][INFO] project:resolve-packages --> 200 (20957 ms)
[2026-09-21T16:14:27.690Z][INFO] project:list-packages <-- Request received
params: {}
[2026-09-21T16:14:27.692Z][INFO] project:list-packages <-- Request received
params: {}
[2026-09-21T16:14:29.515Z][INFO] project:list-packages --> 200 (1824 ms)
[2026-09-21T16:14:29.516Z][INFO] project:list-packages --> 200 (1826 ms)
[2026-09-21T16:14:33.919Z][INFO] project:list-packages <-- Request received
params: {}
[2026-09-21T16:14:34.078Z][INFO] project:list-packages --> 200 (159 ms)
[2026-09-21T16:14:34.083Z][INFO] config:project:get-registries <-- Request received
params: {}
[2026-09-21T16:14:34.085Z][INFO] config:project:get-registries --> 200 (2 ms)
[2026-09-21T16:15:03.578Z][INFO] project:list-packages <-- Request received
params: {}
[2026-09-21T16:15:03.689Z][INFO] project:list-packages --> 200 (111 ms)
[2026-09-21T16:15:04.441Z][INFO] project:list-packages <-- Request received
params: {}
[2026-09-21T16:15:04.573Z][INFO] project:list-packages --> 200 (132 ms)
[2026-09-21T16:15:05.501Z][INFO] project:list-packages <-- Request received
params: {}
[2026-09-21T16:15:08.114Z][INFO] project:list-packages --> 200 (2613 ms)
